2026-07-22 22:35:33.617: [INFO] VisibilityChanged: 0
2026-07-22 22:35:33.663: [INFO] RecordSyncInitDuration has_sync_been_enabled: 0 state: 0
2026-07-22 22:35:33.664: [INFO] RecordSyncInitDuration has_sync_been_enabled: 0 state: 0
2026-07-22 22:35:33.666: [INFO] RecordSyncInitDuration has_sync_been_enabled: 0 state: 0
2026-07-22 22:35:33.667: [INFO] RecordSyncInitDuration has_sync_been_enabled: 0 state: 0
2026-07-22 22:35:33.668: [INFO] RecordSyncInitDuration has_sync_been_enabled: 0 state: 0
2026-07-22 22:35:33.670: [INFO] RecordSyncInitDuration has_sync_been_enabled: 0 state: 0
2026-07-22 22:35:33.671: [INFO] RecordSyncInitDuration has_sync_been_enabled: 0 state: 0
2026-07-22 22:35:33.672: [INFO] RecordSyncInitDuration has_sync_been_enabled: 0 state: 0
2026-07-22 22:35:33.673: [INFO] RecordSyncInitDuration has_sync_been_enabled: 0 state: 0
2026-07-22 22:35:33.674: [INFO] RecordSyncInitDuration has_sync_been_enabled: 0 state: 0
2026-07-22 22:35:33.691: [INFO] BookmarkModelLoaded, ids_reassigned: 0
2026-07-22 22:35:33.691: [INFO] OnDoneLoading sync enabled: 0
2026-07-22 22:35:33.751: [INFO] RecordSyncInitDuration has_sync_been_enabled: 0 state: 0
2026-07-22 22:35:35.993: [INFO] RecordSyncInitDuration has_sync_been_enabled: 0 state: 0
2026-07-22 22:35:36.005: [INFO] RecordSyncInitDuration has_sync_been_enabled: 0 state: 3
2026-07-22 22:35:36.012: [INFO] Primary account changed.
2026-07-22 22:35:36.012: [INFO] OnPrimaryAccountChanged PrimaryAccountChangeEvent::Type::kSet
2026-07-22 22:35:36.021: [INFO] RecordSyncInitDuration has_sync_been_enabled: 0 state: 3
2026-07-22 22:35:36.048: [INFO] RecordSyncInitDuration has_sync_been_enabled: 0 state: 3
2026-07-22 22:35:39.738: [INFO] Sync initialization duration: 3513ms
2026-07-23 18:23:56.044: [INFO] VisibilityChanged: 0
2026-07-23 18:23:56.074: [INFO] BookmarkModelLoaded, ids_reassigned: 0
2026-07-23 18:23:56.074: [INFO] OnDoneLoading sync enabled: 1
2026-07-23 18:24:05.203: [INFO] Sync initialization duration: 1792ms
2026-07-23 19:07:22.184: [INFO] VisibilityChanged: 0
2026-07-23 19:07:22.215: [INFO] BookmarkModelLoaded, ids_reassigned: 0
2026-07-23 19:07:22.215: [INFO] OnDoneLoading sync enabled: 0
2026-07-23 19:07:36.841: [INFO] Primary account changed.
2026-07-23 19:07:36.841: [INFO] OnPrimaryAccountChanged PrimaryAccountChangeEvent::Type::kSet
2026-07-23 19:07:41.004: [INFO] Sync initialization duration: 18729ms
2026-07-26 23:44:22.057: [INFO] VisibilityChanged: 0
2026-07-26 23:44:22.115: [INFO] BookmarkModelLoaded, ids_reassigned: 0
2026-07-26 23:44:22.115: [INFO] OnDoneLoading sync enabled: 1
2026-07-26 23:44:33.367: [INFO] Sync initialization duration: 1851ms
2026-07-29 19:58:35.047: [INFO] VisibilityChanged: 0
2026-07-29 19:58:35.089: [INFO] BookmarkModelLoaded, ids_reassigned: 0
2026-07-29 19:58:35.089: [INFO] OnDoneLoading sync enabled: 0
2026-07-29 19:58:40.152: [INFO] Primary account changed.
2026-07-29 19:58:40.152: [INFO] OnPrimaryAccountChanged PrimaryAccountChangeEvent::Type::kSet
2026-07-29 19:58:46.040: [INFO] Sync initialization duration: 10949ms
2026-07-29 20:44:29.854: [INFO] VisibilityChanged: 0
2026-07-29 20:44:29.901: [INFO] BookmarkModelLoaded, ids_reassigned: 0
2026-07-29 20:44:29.901: [INFO] OnDoneLoading sync enabled: 1
2026-07-29 20:44:40.158: [INFO] Sync initialization duration: 1815ms
2026-07-30 01:04:30.236: [INFO] VisibilityChanged: 0
2026-07-30 01:04:30.288: [INFO] BookmarkModelLoaded, ids_reassigned: 0
2026-07-30 01:04:30.288: [INFO] OnDoneLoading sync enabled: 0
2026-07-30 01:04:33.363: [INFO] Primary account changed.
2026-07-30 01:04:33.363: [INFO] OnPrimaryAccountChanged PrimaryAccountChangeEvent::Type::kSet
2026-07-30 01:04:37.018: [INFO] Sync initialization duration: 6710ms
2026-07-30 20:28:59.045: [INFO] VisibilityChanged: 0
2026-07-30 20:28:59.108: [INFO] BookmarkModelLoaded, ids_reassigned: 0
2026-07-30 20:28:59.108: [INFO] OnDoneLoading sync enabled: 1
2026-07-30 20:29:10.127: [INFO] Sync initialization duration: 1741ms
2026-07-30 20:32:14.705: [INFO] VisibilityChanged: 0
2026-07-30 20:32:14.762: [INFO] BookmarkModelLoaded, ids_reassigned: 0
2026-07-30 20:32:14.762: [INFO] OnDoneLoading sync enabled: 0
2026-07-30 20:32:17.563: [INFO] Primary account changed.
2026-07-30 20:32:17.563: [INFO] OnPrimaryAccountChanged PrimaryAccountChangeEvent::Type::kSet
2026-07-30 20:32:21.485: [INFO] Sync initialization duration: 6721ms
2026-08-01 23:34:05.646: [INFO] VisibilityChanged: 0
2026-08-01 23:34:05.696: [INFO] BookmarkModelLoaded, ids_reassigned: 0
2026-08-01 23:34:05.696: [INFO] OnDoneLoading sync enabled: 1
2026-08-01 23:34:15.087: [INFO] Sync initialization duration: 1770ms
2026-08-04 02:08:30.812: [INFO] CurrentProfilePath: C:\Users\Delafor\AppData\Local\Temp\flutter_tools.f5d5a2ff\flutter_tools_chrome_device.9b17c125\Default
2026-08-04 02:08:30.812: [INFO] Profiles total count: 1
2026-08-04 02:08:30.812: [INFO] Profile: name=Perfil 1 path=C:\Users\Delafor\AppData\Local\Temp\flutter_tools.f5d5a2ff\flutter_tools_chrome_device.9b17c125\Default lastActive=null
2026-08-04 02:08:30.812: [INFO] LastUsedProfileDir: C:\Users\Delafor\AppData\Local\Temp\flutter_tools.f5d5a2ff\flutter_tools_chrome_device.9b17c125\Default
2026-08-04 02:08:30.812: [INFO] VisibilityChanged: 0
2026-08-04 02:08:30.859: [INFO] OnDoneLoading sync enabled: 0
2026-08-04 02:08:30.859: [INFO] BookmarkModelLoaded, ids_reassigned: 0
2026-08-04 02:08:30.859: [INFO] BookmarksLoadDropped droppedNodes=0
2026-08-04 02:08:30.859: [INFO] BookmarksSnapshot Startup total=0 bar=0 other=0 mobile=0 showBar=0 showBarNTP=1
2026-08-04 02:08:33.227: [INFO] Primary account changed.
2026-08-04 02:08:33.227: [INFO] OnPrimaryAccountChanged PrimaryAccountChangeEvent::Type::kSet
2026-08-04 02:08:38.788: [INFO] Sync initialization duration: 7925ms
2026-08-04 02:12:24.215: [INFO] BookmarksSnapshot Shutdown total=0 bar=0 other=0 mobile=0 showBar=0 showBarNTP=1
2026-08-04 15:24:02.083: [INFO] CurrentProfilePath: C:\Users\Delafor\AppData\Local\Temp\flutter_tools.25c30957\flutter_tools_chrome_device.fea05c82\Default
2026-08-04 15:24:02.083: [INFO] Profiles total count: 1
2026-08-04 15:24:02.083: [INFO] Profile: name=Perfil 1 path=C:\Users\Delafor\AppData\Local\Temp\flutter_tools.25c30957\flutter_tools_chrome_device.fea05c82\Default lastActive=null
2026-08-04 15:24:02.083: [INFO] LastUsedProfileDir: C:\Users\Delafor\AppData\Local\Temp\flutter_tools.25c30957\flutter_tools_chrome_device.fea05c82\Default
2026-08-04 15:24:02.083: [INFO] VisibilityChanged: 0
2026-08-04 15:24:02.125: [INFO] OnDoneLoading sync enabled: 1
2026-08-04 15:24:02.125: [INFO] BookmarkModelLoaded, ids_reassigned: 0
2026-08-04 15:24:02.125: [INFO] BookmarksLoadDropped droppedNodes=0
2026-08-04 15:24:02.125: [INFO] BookmarksSnapshot Startup total=0 bar=0 other=0 mobile=0 showBar=0 showBarNTP=1
2026-08-04 15:24:11.622: [INFO] Sync initialization duration: 1803ms
2026-08-04 20:01:09.938: [INFO] CurrentProfilePath: C:\Users\Delafor\AppData\Local\Temp\flutter_tools.e91ed004\flutter_tools_chrome_device.818365a1\Default
2026-08-04 20:01:09.938: [INFO] Profiles total count: 1
2026-08-04 20:01:09.938: [INFO] Profile: name=Perfil 1 path=C:\Users\Delafor\AppData\Local\Temp\flutter_tools.e91ed004\flutter_tools_chrome_device.818365a1\Default lastActive=null
2026-08-04 20:01:09.938: [INFO] LastUsedProfileDir: C:\Users\Delafor\AppData\Local\Temp\flutter_tools.e91ed004\flutter_tools_chrome_device.818365a1\Default
2026-08-04 20:01:09.938: [INFO] VisibilityChanged: 0
2026-08-04 20:01:10.033: [INFO] OnDoneLoading sync enabled: 0
2026-08-04 20:01:10.033: [INFO] BookmarkModelLoaded, ids_reassigned: 0
2026-08-04 20:01:10.033: [INFO] BookmarksLoadDropped droppedNodes=0
2026-08-04 20:01:10.033: [INFO] BookmarksSnapshot Startup total=0 bar=0 other=0 mobile=0 showBar=0 showBarNTP=1
2026-08-04 20:01:12.673: [INFO] Primary account changed.
2026-08-04 20:01:12.673: [INFO] OnPrimaryAccountChanged PrimaryAccountChangeEvent::Type::kSet
2026-08-04 20:01:16.456: [INFO] Sync initialization duration: 6420ms
2026-08-04 20:29:18.717: [INFO] BookmarksSnapshot Shutdown total=0 bar=0 other=0 mobile=0 showBar=0 showBarNTP=1
2026-08-04 20:29:49.712: [INFO] CurrentProfilePath: C:\Users\Delafor\AppData\Local\Temp\flutter_tools.469864f5\flutter_tools_chrome_device.e647671f\Default
2026-08-04 20:29:49.712: [INFO] Profiles total count: 1
2026-08-04 20:29:49.712: [INFO] Profile: name=Perfil 1 path=C:\Users\Delafor\AppData\Local\Temp\flutter_tools.469864f5\flutter_tools_chrome_device.e647671f\Default lastActive=null
2026-08-04 20:29:49.712: [INFO] LastUsedProfileDir: C:\Users\Delafor\AppData\Local\Temp\flutter_tools.469864f5\flutter_tools_chrome_device.e647671f\Default
2026-08-04 20:29:49.712: [INFO] VisibilityChanged: 0
2026-08-04 20:29:49.812: [INFO] OnDoneLoading sync enabled: 1
2026-08-04 20:29:49.812: [INFO] BookmarkModelLoaded, ids_reassigned: 0
2026-08-04 20:29:49.812: [INFO] BookmarksLoadDropped droppedNodes=0
2026-08-04 20:29:49.812: [INFO] BookmarksSnapshot Startup total=0 bar=0 other=0 mobile=0 showBar=0 showBarNTP=1
2026-08-04 20:29:58.006: [INFO] Sync initialization duration: 1734ms
2026-08-05 15:33:02.115: [INFO] CurrentProfilePath: C:\Users\Delafor\AppData\Local\Temp\flutter_tools.943984fd\flutter_tools_chrome_device.39ead8c9\Default
2026-08-05 15:33:02.115: [INFO] Profiles total count: 1
2026-08-05 15:33:02.115: [INFO] Profile: name=Perfil 1 path=C:\Users\Delafor\AppData\Local\Temp\flutter_tools.943984fd\flutter_tools_chrome_device.39ead8c9\Default lastActive=null
2026-08-05 15:33:02.115: [INFO] LastUsedProfileDir: C:\Users\Delafor\AppData\Local\Temp\flutter_tools.943984fd\flutter_tools_chrome_device.39ead8c9\Default
2026-08-05 15:33:02.115: [INFO] VisibilityChanged: 0
2026-08-05 15:33:02.171: [INFO] OnDoneLoading sync enabled: 0
2026-08-05 15:33:02.171: [INFO] BookmarkModelLoaded, ids_reassigned: 0
2026-08-05 15:33:02.171: [INFO] BookmarksLoadDropped droppedNodes=0
2026-08-05 15:33:02.171: [INFO] BookmarksSnapshot Startup total=0 bar=0 other=0 mobile=0 showBar=0 showBarNTP=1
2026-08-05 15:33:07.411: [INFO] Primary account changed.
2026-08-05 15:33:07.411: [INFO] OnPrimaryAccountChanged PrimaryAccountChangeEvent::Type::kSet
2026-08-05 15:33:13.328: [INFO] Sync initialization duration: 11156ms
2026-08-09 00:13:05.951: [INFO] CurrentProfilePath: C:\Users\Delafor\AppData\Local\Temp\flutter_tools.b4d9aa60\flutter_tools_chrome_device.cfd81810\Default
2026-08-09 00:13:05.951: [INFO] Profiles total count: 1
2026-08-09 00:13:05.951: [INFO] Profile: name=Perfil 1 path=C:\Users\Delafor\AppData\Local\Temp\flutter_tools.b4d9aa60\flutter_tools_chrome_device.cfd81810\Default lastActive=null
2026-08-09 00:13:05.951: [INFO] LastUsedProfileDir: C:\Users\Delafor\AppData\Local\Temp\flutter_tools.b4d9aa60\flutter_tools_chrome_device.cfd81810\Default
2026-08-09 00:13:05.951: [INFO] VisibilityChanged: 0
2026-08-09 00:13:06.009: [INFO] OnDoneLoading sync enabled: 1
2026-08-09 00:13:06.009: [INFO] BookmarkModelLoaded, ids_reassigned: 0
2026-08-09 00:13:06.009: [INFO] BookmarksLoadDropped droppedNodes=0
2026-08-09 00:13:06.009: [INFO] BookmarksSnapshot Startup total=0 bar=0 other=0 mobile=0 showBar=0 showBarNTP=1
2026-08-09 00:13:17.801: [INFO] Sync initialization duration: 1896ms
2026-08-09 00:26:06.494: [INFO] CurrentProfilePath: C:\Users\Delafor\AppData\Local\Temp\flutter_tools.7718d269\flutter_tools_chrome_device.68b6c634\Default
2026-08-09 00:26:06.494: [INFO] Profiles total count: 1
2026-08-09 00:26:06.494: [INFO] Profile: name=Perfil 1 path=C:\Users\Delafor\AppData\Local\Temp\flutter_tools.7718d269\flutter_tools_chrome_device.68b6c634\Default lastActive=null
2026-08-09 00:26:06.494: [INFO] LastUsedProfileDir: C:\Users\Delafor\AppData\Local\Temp\flutter_tools.7718d269\flutter_tools_chrome_device.68b6c634\Default
2026-08-09 00:26:06.494: [INFO] VisibilityChanged: 0
2026-08-09 00:26:06.549: [INFO] OnDoneLoading sync enabled: 0
2026-08-09 00:26:06.549: [INFO] BookmarkModelLoaded, ids_reassigned: 0
2026-08-09 00:26:06.549: [INFO] BookmarksLoadDropped droppedNodes=0
2026-08-09 00:26:06.549: [INFO] BookmarksSnapshot Startup total=0 bar=0 other=0 mobile=0 showBar=0 showBarNTP=1
2026-08-09 00:26:08.810: [INFO] Primary account changed.
2026-08-09 00:26:08.810: [INFO] OnPrimaryAccountChanged PrimaryAccountChangeEvent::Type::kSet
2026-08-09 00:26:12.042: [INFO] Sync initialization duration: 5492ms
2026-08-09 00:37:38.852: [INFO] BookmarksSnapshot Shutdown total=0 bar=0 other=0 mobile=0 showBar=0 showBarNTP=1
2026-08-09 22:37:52.109: [INFO] CurrentProfilePath: C:\Users\Delafor\AppData\Local\Temp\flutter_tools.d53392da\flutter_tools_chrome_device.3cc5c7f9\Default
2026-08-09 22:37:52.109: [INFO] Profiles total count: 1
2026-08-09 22:37:52.109: [INFO] Profile: name=Perfil 1 path=C:\Users\Delafor\AppData\Local\Temp\flutter_tools.d53392da\flutter_tools_chrome_device.3cc5c7f9\Default lastActive=null
2026-08-09 22:37:52.109: [INFO] LastUsedProfileDir: C:\Users\Delafor\AppData\Local\Temp\flutter_tools.d53392da\flutter_tools_chrome_device.3cc5c7f9\Default
2026-08-09 22:37:52.109: [INFO] VisibilityChanged: 0
2026-08-09 22:37:52.171: [INFO] OnDoneLoading sync enabled: 1
2026-08-09 22:37:52.171: [INFO] BookmarkModelLoaded, ids_reassigned: 0
2026-08-09 22:37:52.171: [INFO] BookmarksLoadDropped droppedNodes=0
2026-08-09 22:37:52.172: [INFO] BookmarksSnapshot Startup total=0 bar=0 other=0 mobile=0 showBar=0 showBarNTP=1
2026-08-09 22:38:02.041: [INFO] Sync initialization duration: 2046ms
2026-08-10 01:14:11.263: [INFO] BookmarksSnapshot Shutdown total=0 bar=0 other=0 mobile=0 showBar=0 showBarNTP=1
2026-08-10 15:59:02.291: [INFO] CurrentProfilePath: C:\Users\Delafor\AppData\Local\Temp\flutter_tools.5aa41629\flutter_tools_chrome_device.f18ccad9\Default
2026-08-10 15:59:02.291: [INFO] Profiles total count: 1
2026-08-10 15:59:02.291: [INFO] Profile: name=Perfil 1 path=C:\Users\Delafor\AppData\Local\Temp\flutter_tools.5aa41629\flutter_tools_chrome_device.f18ccad9\Default lastActive=null
2026-08-10 15:59:02.291: [INFO] LastUsedProfileDir: C:\Users\Delafor\AppData\Local\Temp\flutter_tools.5aa41629\flutter_tools_chrome_device.f18ccad9\Default
2026-08-10 15:59:02.291: [INFO] VisibilityChanged: 0
2026-08-10 15:59:02.330: [INFO] OnDoneLoading sync enabled: 0
2026-08-10 15:59:02.330: [INFO] BookmarkModelLoaded, ids_reassigned: 0
2026-08-10 15:59:02.330: [INFO] BookmarksLoadDropped droppedNodes=0
2026-08-10 15:59:02.330: [INFO] BookmarksSnapshot Startup total=0 bar=0 other=0 mobile=0 showBar=0 showBarNTP=1
2026-08-10 15:59:04.380: [INFO] Primary account changed.
2026-08-10 15:59:04.380: [INFO] OnPrimaryAccountChanged PrimaryAccountChangeEvent::Type::kSet
2026-08-10 15:59:09.337: [INFO] Sync initialization duration: 7004ms
2026-08-10 16:25:28.669: [INFO] BookmarksSnapshot Shutdown total=0 bar=0 other=0 mobile=0 showBar=0 showBarNTP=1
2026-08-11 20:05:09.014: [INFO] CurrentProfilePath: C:\Users\Delafor\AppData\Local\Temp\flutter_tools.aa3495a0\flutter_tools_chrome_device.654fe915\Default
2026-08-11 20:05:09.014: [INFO] Profiles total count: 1
2026-08-11 20:05:09.014: [INFO] Profile: name=Perfil 1 path=C:\Users\Delafor\AppData\Local\Temp\flutter_tools.aa3495a0\flutter_tools_chrome_device.654fe915\Default lastActive=null
2026-08-11 20:05:09.014: [INFO] LastUsedProfileDir: C:\Users\Delafor\AppData\Local\Temp\flutter_tools.aa3495a0\flutter_tools_chrome_device.654fe915\Default
2026-08-11 20:05:09.014: [INFO] VisibilityChanged: 0
2026-08-11 20:05:09.052: [INFO] OnDoneLoading sync enabled: 1
2026-08-11 20:05:09.052: [INFO] BookmarkModelLoaded, ids_reassigned: 0
2026-08-11 20:05:09.052: [INFO] BookmarksLoadDropped droppedNodes=0
2026-08-11 20:05:09.052: [INFO] BookmarksSnapshot Startup total=0 bar=0 other=0 mobile=0 showBar=0 showBarNTP=1
2026-08-11 20:05:18.899: [INFO] Sync initialization duration: 1980ms
2026-08-12 14:33:32.303: [INFO] CurrentProfilePath: C:\Users\Delafor\AppData\Local\Temp\flutter_tools.2f6bedb0\flutter_tools_chrome_device.73932f51\Default
2026-08-12 14:33:32.303: [INFO] Profiles total count: 1
2026-08-12 14:33:32.303: [INFO] Profile: name=Perfil 1 path=C:\Users\Delafor\AppData\Local\Temp\flutter_tools.2f6bedb0\flutter_tools_chrome_device.73932f51\Default lastActive=null
2026-08-12 14:33:32.303: [INFO] LastUsedProfileDir: C:\Users\Delafor\AppData\Local\Temp\flutter_tools.2f6bedb0\flutter_tools_chrome_device.73932f51\Default
2026-08-12 14:33:32.303: [INFO] VisibilityChanged: 0
2026-08-12 14:33:32.340: [INFO] OnDoneLoading sync enabled: 0
2026-08-12 14:33:32.340: [INFO] BookmarkModelLoaded, ids_reassigned: 0
2026-08-12 14:33:32.340: [INFO] BookmarksLoadDropped droppedNodes=0
2026-08-12 14:33:32.340: [INFO] BookmarksSnapshot Startup total=0 bar=0 other=0 mobile=0 showBar=0 showBarNTP=1
2026-08-12 14:33:34.327: [INFO] Primary account changed.
2026-08-12 14:33:34.327: [INFO] OnPrimaryAccountChanged PrimaryAccountChangeEvent::Type::kSet
2026-08-12 14:33:38.034: [INFO] Sync initialization duration: 5690ms
2026-08-12 21:12:18.499: [INFO] BookmarksSnapshot Shutdown total=0 bar=0 other=0 mobile=0 showBar=0 showBarNTP=1
2026-08-12 21:13:05.839: [INFO] CurrentProfilePath: C:\Users\Delafor\AppData\Local\Temp\flutter_tools.634f672d\flutter_tools_chrome_device.ab3bf56e\Default
2026-08-12 21:13:05.839: [INFO] Profiles total count: 1
2026-08-12 21:13:05.839: [INFO] Profile: name=Perfil 1 path=C:\Users\Delafor\AppData\Local\Temp\flutter_tools.634f672d\flutter_tools_chrome_device.ab3bf56e\Default lastActive=null
2026-08-12 21:13:05.839: [INFO] LastUsedProfileDir: C:\Users\Delafor\AppData\Local\Temp\flutter_tools.634f672d\flutter_tools_chrome_device.ab3bf56e\Default
2026-08-12 21:13:05.839: [INFO] VisibilityChanged: 0
2026-08-12 21:13:05.880: [INFO] OnDoneLoading sync enabled: 1
2026-08-12 21:13:05.880: [INFO] BookmarkModelLoaded, ids_reassigned: 0
2026-08-12 21:13:05.880: [INFO] BookmarksLoadDropped droppedNodes=0
2026-08-12 21:13:05.880: [INFO] BookmarksSnapshot Startup total=0 bar=0 other=0 mobile=0 showBar=0 showBarNTP=1
2026-08-12 21:13:16.819: [INFO] Sync initialization duration: 3493ms
2026-08-13 00:31:00.618: [INFO] BookmarksSnapshot Shutdown total=0 bar=0 other=0 mobile=0 showBar=0 showBarNTP=1
2026-08-13 18:58:37.742: [INFO] CurrentProfilePath: C:\Users\Delafor\AppData\Local\Temp\flutter_tools.9716878d\flutter_tools_chrome_device.26f304a8\Default
2026-08-13 18:58:37.742: [INFO] Profiles total count: 1
2026-08-13 18:58:37.742: [INFO] Profile: name=Perfil 1 path=C:\Users\Delafor\AppData\Local\Temp\flutter_tools.9716878d\flutter_tools_chrome_device.26f304a8\Default lastActive=null
2026-08-13 18:58:37.742: [INFO] LastUsedProfileDir: C:\Users\Delafor\AppData\Local\Temp\flutter_tools.9716878d\flutter_tools_chrome_device.26f304a8\Default
2026-08-13 18:58:37.742: [INFO] VisibilityChanged: 0
2026-08-13 18:58:37.789: [INFO] OnDoneLoading sync enabled: 0
2026-08-13 18:58:37.789: [INFO] BookmarkModelLoaded, ids_reassigned: 0
2026-08-13 18:58:37.789: [INFO] BookmarksLoadDropped droppedNodes=0
2026-08-13 18:58:37.789: [INFO] BookmarksSnapshot Startup total=0 bar=0 other=0 mobile=0 showBar=0 showBarNTP=1
2026-08-13 18:58:40.422: [INFO] Primary account changed.
2026-08-13 18:58:40.422: [INFO] OnPrimaryAccountChanged PrimaryAccountChangeEvent::Type::kSet
2026-08-13 18:58:44.759: [INFO] Sync initialization duration: 6967ms
2026-08-13 20:21:15.280: [INFO] BookmarksSnapshot Shutdown total=0 bar=0 other=0 mobile=0 showBar=0 showBarNTP=1
2026-08-13 20:23:21.008: [INFO] CurrentProfilePath: C:\Users\Delafor\AppData\Local\Temp\flutter_tools.dc2dced5\flutter_tools_chrome_device.b8187c1b\Default
2026-08-13 20:23:21.008: [INFO] Profiles total count: 1
2026-08-13 20:23:21.008: [INFO] Profile: name=Perfil 1 path=C:\Users\Delafor\AppData\Local\Temp\flutter_tools.dc2dced5\flutter_tools_chrome_device.b8187c1b\Default lastActive=null
2026-08-13 20:23:21.008: [INFO] LastUsedProfileDir: C:\Users\Delafor\AppData\Local\Temp\flutter_tools.dc2dced5\flutter_tools_chrome_device.b8187c1b\Default
2026-08-13 20:23:21.008: [INFO] VisibilityChanged: 0
2026-08-13 20:23:21.049: [INFO] OnDoneLoading sync enabled: 1
2026-08-13 20:23:21.049: [INFO] BookmarkModelLoaded, ids_reassigned: 0
2026-08-13 20:23:21.049: [INFO] BookmarksLoadDropped droppedNodes=0
2026-08-13 20:23:21.049: [INFO] BookmarksSnapshot Startup total=0 bar=0 other=0 mobile=0 showBar=0 showBarNTP=1
2026-08-13 20:23:29.276: [INFO] Sync initialization duration: 1476ms
2026-08-13 23:19:41.417: [INFO] CurrentProfilePath: C:\Users\Delafor\AppData\Local\Temp\flutter_tools.558bb857\flutter_tools_chrome_device.9120f7fa\Default
2026-08-13 23:19:41.417: [INFO] Profiles total count: 1
2026-08-13 23:19:41.417: [INFO] Profile: name=Perfil 1 path=C:\Users\Delafor\AppData\Local\Temp\flutter_tools.558bb857\flutter_tools_chrome_device.9120f7fa\Default lastActive=null
2026-08-13 23:19:41.417: [INFO] LastUsedProfileDir: C:\Users\Delafor\AppData\Local\Temp\flutter_tools.558bb857\flutter_tools_chrome_device.9120f7fa\Default
2026-08-13 23:19:41.417: [INFO] VisibilityChanged: 0
2026-08-13 23:19:41.454: [INFO] OnDoneLoading sync enabled: 0
2026-08-13 23:19:41.454: [INFO] BookmarkModelLoaded, ids_reassigned: 0
2026-08-13 23:19:41.454: [INFO] BookmarksLoadDropped droppedNodes=0
2026-08-13 23:19:41.454: [INFO] BookmarksSnapshot Startup total=0 bar=0 other=0 mobile=0 showBar=0 showBarNTP=1
2026-08-13 23:19:43.835: [INFO] Primary account changed.
2026-08-13 23:19:43.835: [INFO] OnPrimaryAccountChanged PrimaryAccountChangeEvent::Type::kSet
2026-08-13 23:19:47.515: [INFO] Sync initialization duration: 6061ms
2026-08-13 23:23:07.881: [INFO] BookmarksSnapshot Shutdown total=0 bar=0 other=0 mobile=0 showBar=0 showBarNTP=1
2026-08-16 14:20:50.399: [INFO] CurrentProfilePath: C:\Users\Delafor\AppData\Local\Temp\flutter_tools.efb3d627\flutter_tools_chrome_device.60b41589\Default
2026-08-16 14:20:50.399: [INFO] Profiles total count: 1
2026-08-16 14:20:50.399: [INFO] Profile: name=Perfil 1 path=C:\Users\Delafor\AppData\Local\Temp\flutter_tools.efb3d627\flutter_tools_chrome_device.60b41589\Default lastActive=null
2026-08-16 14:20:50.399: [INFO] LastUsedProfileDir: C:\Users\Delafor\AppData\Local\Temp\flutter_tools.efb3d627\flutter_tools_chrome_device.60b41589\Default
2026-08-16 14:20:50.399: [INFO] VisibilityChanged: 0
2026-08-16 14:20:50.451: [INFO] OnDoneLoading sync enabled: 1
2026-08-16 14:20:50.451: [INFO] BookmarkModelLoaded, ids_reassigned: 0
2026-08-16 14:20:50.451: [INFO] BookmarksLoadDropped droppedNodes=0
2026-08-16 14:20:50.451: [INFO] BookmarksSnapshot Startup total=0 bar=0 other=0 mobile=0 showBar=0 showBarNTP=1
2026-08-16 14:21:00.714: [INFO] Sync initialization duration: 1545ms
2026-08-16 14:21:24.963: [INFO] BookmarksSnapshot Shutdown total=0 bar=0 other=0 mobile=0 showBar=0 showBarNTP=1
2026-08-16 14:25:25.349: [INFO] CurrentProfilePath: C:\Users\Delafor\AppData\Local\Temp\flutter_tools.23f8636b\flutter_tools_chrome_device.176d335b\Default
2026-08-16 14:25:25.349: [INFO] Profiles total count: 1
2026-08-16 14:25:25.349: [INFO] Profile: name=Perfil 1 path=C:\Users\Delafor\AppData\Local\Temp\flutter_tools.23f8636b\flutter_tools_chrome_device.176d335b\Default lastActive=null
2026-08-16 14:25:25.349: [INFO] LastUsedProfileDir: C:\Users\Delafor\AppData\Local\Temp\flutter_tools.23f8636b\flutter_tools_chrome_device.176d335b\Default
2026-08-16 14:25:25.349: [INFO] VisibilityChanged: 0
2026-08-16 14:25:25.395: [INFO] OnDoneLoading sync enabled: 0
2026-08-16 14:25:25.395: [INFO] BookmarkModelLoaded, ids_reassigned: 0
2026-08-16 14:25:25.395: [INFO] BookmarksLoadDropped droppedNodes=0
2026-08-16 14:25:25.395: [INFO] BookmarksSnapshot Startup total=0 bar=0 other=0 mobile=0 showBar=0 showBarNTP=1
2026-08-16 14:25:26.726: [INFO] Primary account changed.
2026-08-16 14:25:26.726: [INFO] OnPrimaryAccountChanged PrimaryAccountChangeEvent::Type::kSet
2026-08-16 14:25:29.988: [INFO] Sync initialization duration: 4590ms
2026-08-16 17:33:37.001: [INFO] BookmarksSnapshot Shutdown total=0 bar=0 other=0 mobile=0 showBar=0 showBarNTP=1
2026-08-16 19:41:06.647: [INFO] CurrentProfilePath: C:\Users\Delafor\AppData\Local\Temp\flutter_tools.fa99c22b\flutter_tools_chrome_device.941ca502\Default
2026-08-16 19:41:06.647: [INFO] Profiles total count: 1
2026-08-16 19:41:06.647: [INFO] Profile: name=Perfil 1 path=C:\Users\Delafor\AppData\Local\Temp\flutter_tools.fa99c22b\flutter_tools_chrome_device.941ca502\Default lastActive=null
2026-08-16 19:41:06.647: [INFO] LastUsedProfileDir: C:\Users\Delafor\AppData\Local\Temp\flutter_tools.fa99c22b\flutter_tools_chrome_device.941ca502\Default
2026-08-16 19:41:06.647: [INFO] VisibilityChanged: 0
2026-08-16 19:41:06.696: [INFO] OnDoneLoading sync enabled: 1
2026-08-16 19:41:06.696: [INFO] BookmarkModelLoaded, ids_reassigned: 0
2026-08-16 19:41:06.696: [INFO] BookmarksLoadDropped droppedNodes=0
2026-08-16 19:41:06.696: [INFO] BookmarksSnapshot Startup total=0 bar=0 other=0 mobile=0 showBar=0 showBarNTP=1
2026-08-16 19:41:16.159: [INFO] Sync initialization duration: 2062ms
2026-08-16 19:42:33.208: [INFO] BookmarksSnapshot Shutdown total=0 bar=0 other=0 mobile=0 showBar=0 showBarNTP=1
